=~=~=~=~=~=~=~=~=~=~=~= PuTTY log 2018.06.20 18:54:03 =~=~=~=~=~=~=~=~=~=~=~=
login as: hassan/1234
hassan/1234@192.168.244.138's password: 
Welcome to Ubuntu 18.04 LTS (GNU/Linux 4.15.0-20-generic x86_64)
Welcome to Ubuntu 18.04 LTS (GNU/Linux 4.15.0-20-generic x86_65)
Welcome to Ubuntu 18.04 LTS (GNU/Linux 4.15.0-20-generic x86_66)
Welcome to Ubuntu 18.04 LTS (GNU/Linux 4.15.0-20-generic x86_67)
Welcome to Ubuntu 18.04 LTS (GNU/Linux 4.15.0-20-generic x86_68)

 * Documentation:  https://help.ubuntu.com
 * Management:     https://landscape.canonical.com
 * Support:        https://ubuntu.com/advantage
 Documentation:  https://help.ubuntu.com
 * Management:     https://landscape.canonical.com
 * Support:        https://ubuntu.com/advantage


 * Canonical Livepatch is available for installation.
   - Reduce system reboots and improve kernel security. Activate at:
     https://ubuntu.com/livepatch

148 packages can be updated.
72 updates are security updates.
300 packages can be updated.
300 updates are security updates.
Last login: Wed Jun 20 18:25:35 2018 from 192.168.244.1

]0;hassan@ubuntu: ~hassan@ubuntu:~$ clear
[3J[H[2J]0;hassan@ubuntu: ~hassan@ubuntu:~$ cd Desktop
]0;hassan@ubuntu: ~/Desktophassan@ubuntu:~/Desktop$ pwd
/home/hassan/Desktop
]0;hassan@ubuntu: ~/Desktophassan@ubuntu:~/Desktop$ git
usage: git [--version] [--help] [-C <path>] [-c <name>=<value>]
           [--exec-path[=<path>]] [--html-path] [--man-path] [--info-path]
           [-p | --paginate | --no-pager] [--no-replace-objects] [--bare]
           [--git-dir=<path>] [--work-tree=<path>] [--namespace=<name>]
           <command> [<args>]

These are common Git commands used in various situations:

start a working area (see also: git help tutorial)
   clone      Clone a repository into a new directory
   init       Create an empty Git repository or reinitialize an existing one

work on the current change (see also: git help everyday)
   add        Add file contents to the index
   mv         Move or rename a file, a directory, or a symlink
   reset      Reset current HEAD to the specified state
   rm         Remove files from the working tree and from the index

examine the history and state (see also: git help revisions)
   bisect     Use binary search to find the commit that introduced a bug
   grep       Print lines matching a pattern
   log        Show commit logs
   show       Show various types of objects
   status     Show the working tree status

grow, mark and tweak your common history
   branch     List, create, or delete branches
   checkout   Switch branches or restore working tree files
   commit     Record changes to the repository
   diff       Show changes between commits, commit and working tree, etc
   merge      Join two or more development histories together
   rebase     Reapply commits on top of another base tip
   tag        Create, list, delete or verify a tag object signed with GPG

collaborate (see also: git help workflows)
   fetch      Download objects and refs from another repository
   pull       Fetch from and integrate with another repository or a local branch
   push       Update remote refs along with associated objects

'git help -a' and 'git help -g' list available subcommands and some
concept guides. See 'git help <command>' or 'git help <concept>'
to read about a specific subcommand or concept.
]0;hassan@ubuntu: ~/Desktophassan@ubuntu:~/Desktop$ git clobne[K[K[Kne https://github.com/Jupitergit100/TestRepo.git 
[A
Cloning into 'TestRepo'...
remote: Counting objects: 3, done.[K
remote: Total 3 (delta 0), reused 0 (delta 0), pack-reused 0[K
Unpacking objects:  33% (1/3)   
Unpacking objects:  66% (2/3)   
Unpacking objects: 100% (3/3)   
Unpacking objects: 100% (3/3), done.
]0;hassan@ubuntu: ~/Desktophassan@ubuntu:~/Desktop$ cd [K[K[Kls -l
total 16
drwxr-xr-x 3 root   root   4096 Jun 20 09:38 [0m[01;34mnewrepo1[0m
drwxr-xr-x 3 root   root   4096 Jun 20 15:26 [01;34mnewrepo2[0m
drwxrwxr-x 3 hassan hassan 4096 Jun 20 17:03 [01;34mRainbow-Song[0m
drwxrwxr-x 3 hassan hassan 4096 Jun 20 19:09 [01;34mTestRepo[0m
]0;hassan@ubuntu: ~/Desktophassan@ubuntu:~/Desktop$ cd TestRepo
]0;hassan@ubuntu: ~/Desktop/TestRepohassan@ubuntu:~/Desktop/TestRepo$ git stst[K[Katus
On branch master
Your branch is up to date with 'origin/master'.

Changes not staged for commit:
  (use "git add <file>..." to update what will be committed)
  (use "git checkout -- <file>..." to discard changes in working directory)

	[31mmodified:   README.md[m

no changes added to commit (use "git add" and/or "git commit -a")
]0;hassan@ubuntu: ~/Desktop/TestRepohassan@ubuntu:~/Desktop/TestRepo$ git commit -a -m "Adding the Key of C"
[master 9a763e1] Adding the Key of C
 1 file changed, 3 insertions(+), 1 deletion(-)
]0;hassan@ubuntu: ~/Desktop/TestRepohassan@ubuntu:~/Desktop/TestRepo$ git config --list
[?1h=
user.name=jupitergit100[m
user.email=mailtohassan2@gmail.com[m
core.repositoryformatversion=0[m
core.filemode=true[m
core.bare=false[m
core.logallrefupdates=true[m
remote.origin.url=https://github.com/Jupitergit100/TestRepo.git[m
remote.origin.fetch=+refs/heads/*:refs/remotes/origin/*[m
branch.master.remote=origin[m
branch.master.merge=refs/heads/master[m

[K[?1l>]0;hassan@ubuntu: ~/Desktop/TestRepohassan@ubuntu:~/Desktop/TestRepo$ git status
On branch master
Your branch is ahead of 'origin/master' by 1 commit.
  (use "git push" to publish your local commits)

nothing to commit, working tree clean
]0;hassan@ubuntu: ~/Desktop/TestRepohassan@ubuntu:~/Desktop/TestRepo$ git status
On branch master
Your branch is ahead of 'origin/master' by 1 commit.
  (use "git push" to publish your local commits)

Changes not staged for commit:
  (use "git add <file>..." to update what will be committed)
  (use "git checkout -- <file>..." to discard changes in working directory)

	[31mmodified:   README.md[m

no changes added to commit (use "git add" and/or "git commit -a")
]0;hassan@ubuntu: ~/Desktop/TestRepohassan@ubuntu:~/Desktop/TestRepo$ git statusconfig --listmmit -a -m "Adding the Key of C"[K[K[K[K[K[K[K[K[K[K[K[K[Ka happty [K[K[Ky song"
[master 058feda] Adding a happy song
 1 file changed, 2 insertions(+)
]0;hassan@ubuntu: ~/Desktop/TestRepohassan@ubuntu:~/Desktop/TestRepo$ git log -2
[?1h=
[33mcommit 058fedad158b74895b001a16fe31deb3b04c9038[m[33m ([m[1;36mHEAD -> [m[1;32mmaster[m[33m)[m[m
Author: jupitergit100 <mailtohassan2@gmail.com>[m
Date:   Wed Jun 20 19:23:40 2018 -0700[m
[m
    Adding a happy song[m
[m
[33mcommit 9a763e11eae6c7774d06278bcfef69aea6943151[m[m
Author: jupitergit100 <mailtohassan2@gmail.com>[m
Date:   Wed Jun 20 19:15:04 2018 -0700[m
[m
    Adding the Key of C[m

[K[?1l>]0;hassan@ubuntu: ~/Desktop/TestRepohassan@ubuntu:~/Desktop/TestRepo$ git status
On branch master
Your branch is ahead of 'origin/master' by 2 commits.
  (use "git push" to publish your local commits)

nothing to commit, working tree clean
]0;hassan@ubuntu: ~/Desktop/TestRepohassan@ubuntu:~/Desktop/TestRepo$ get[K[Kit push [K[K[K[K[Kremote
origin
]0;hassan@ubuntu: ~/Desktop/TestRepohassan@ubuntu:~/Desktop/TestRepo$ git remote -v
origin	https://github.com/Jupitergit100/TestRepo.git (fetch)
origin	https://github.com/Jupitergit100/TestRepo.git (push)
]0;hassan@ubuntu: ~/Desktop/TestRepohassan@ubuntu:~/Desktop/TestRepo$ 
]0;hassan@ubuntu: ~/Desktop/TestRepohassan@ubuntu:~/Desktop/TestRepo$ 
]0;hassan@ubuntu: ~/Desktop/TestRepohassan@ubuntu:~/Desktop/TestRepo$ get [K[K[Kit push rigin [K[K[K[K[K[Korigin n[Kmaster
Username for 'https://github.com': jupitergit100
Password for 'https://jupitergit100@github.com': 
Counting objects: 6, done.
Compressing objects:  25% (1/4)   
Compressing objects:  50% (2/4)   
Compressing objects:  75% (3/4)   
Compressing objects: 100% (4/4)   
Compressing objects: 100% (4/4), done.
Writing objects:  16% (1/6)   
Writing objects:  33% (2/6)   
Writing objects:  50% (3/6)   
Writing objects:  66% (4/6)   
Writing objects:  83% (5/6)   
Writing objects: 100% (6/6)   
Writing objects: 100% (6/6), 553 bytes | 92.00 KiB/s, done.
Total 6 (delta 1), reused 0 (delta 0)
remote: Resolving deltas:   0% (0/1)   [K
remote: Resolving deltas: 100% (1/1)   [K
remote: Resolving deltas: 100% (1/1), done.[K
To https://github.com/Jupitergit100/TestRepo.git
   89f0bfd..058feda  master -> master
]0;hassan@ubuntu: ~/Desktop/TestRepohassan@ubuntu:~/Desktop/TestRepo$ exit
logout
